{"schema":"pointbreak.review-assessment-add","version":1,"acknowledgement":{"authorityOutcome":"created","derived":{"availability":"unavailable"},"legacyProjectionState":"refreshed","operationReceipt":{"state":"not_recorded"}},"revisionId":"rev:sha256:<h>","assessmentId":"assess:sha256:<h>","eventId":"evt:sha256:<h>","trackId":"human:kevin","target":{"kind":"revision","revisionId":"rev:sha256:<h>"},"assessment":"accepted","summaryContentHash":"sha256:<h>","eventsCreated":1,"eventsExisting":0,"eventsCreatedByType":{"review_assessment_recorded":1},"diagnostics":[]}
