{"schema":"shore.review-assessment-show","version":1,"reviewUnitId":"review-unit:sha256:<h>","filters":{"all":false,"includeSummary":true},"current":{"status":"resolved","assessmentId":"assess:sha256:<h>","assessment":"accepted"},"assessments":[{"id":"assess:sha256:<h>","eventId":"evt:sha256:<h>","trackId":"human:kevin","target":{"kind":"review_unit","reviewUnitId":"review-unit:sha256:<h>"},"assessment":"accepted","summary":"ship it","summaryContentHash":"sha256:<h>","status":"current","replaces":[],"relatedObservations":[],"relatedInputRequests":[],"createdAt":"unix-ms:<t>","writer":{"actorId":"actor:git-email:shore-tests@example.com","tool":{"name":"shore","version":"0.1.0"}}}],"diagnostics":[]}
