{"schema":"pointbreak.attention-list","version":1,"eventSetHash":"sha256:<h>","eventCount":9,"filters":{},"items":[{"id":"open_input_request:input-request:sha256:<h>","tier":"primary","revisionId":"rev:sha256:<h>","freshness":{"state":"current"},"observedAt":"unix-ms:<t>","kind":"open_input_request","inputRequestId":"input-request:sha256:<h>","mode":"operative","reasonCode":"insufficient_evidence","title":"Runtime trace required","trackId":"human:kevin","openedBy":"actor:git-email:shore-tests@example.com"}],"diagnostics":[]}
