{"schema":"pointbreak.review-input-request-respond","version":1,"acknowledgement":{"authorityOutcome":"created","derived":{"availability":"unavailable"},"legacyProjectionState":"not_attempted","operationReceipt":{"state":"not_recorded"}},"inputRequestId":"input-request:sha256:<h>","inputRequestResponseId":"input-request-response:sha256:<h>","eventId":"evt:sha256:<h>","outcome":"approved","reasonContentHash":"sha256:<h>","eventsCreated":1,"eventsExisting":0,"eventsCreatedByType":{"input_request_responded":1},"diagnostics":[{"code":"derived_access_generation_unavailable","message":"derived acceleration is unavailable (no usable derived generation is current); run `pointbreak store derived status` or `pointbreak store derived build`"}]}
