{"schema":"pointbreak.review-input-request-respond","version":1,"acknowledgement":{"authorityOutcome":"created","derived":{"availability":"unavailable"},"legacyProjectionState":"refreshed","operationReceipt":{"state":"not_recorded"}},"inputRequestId":"input-request:sha256:<h>","inputRequestResponseId":"input-request-response:sha256:<h>","eventId":"evt:sha256:<h>","outcome":"approved","reasonContentHash":"sha256:<h>","eventsCreated":1,"eventsExisting":0,"eventsCreatedByType":{"input_request_responded":1},"diagnostics":[]}
