{"schema":"shore.review-input-request-fetch","version":1,"inputRequest":{"id":"input-request:sha256:<h>","eventId":"evt:sha256:<h>","trackId":"agent:codex","target":{"kind":"review_unit","reviewUnitId":"review-unit:sha256:<h>"},"mode":"operative","reasonCode":"manual_decision_required","title":"Need a decision","body":"should we ship this?","bodyContentHash":"sha256:<h>","status":"open","responses":[],"createdAt":"unix-ms:<t>","writer":{"actorId":"actor:git-email:shore-tests@example.com","tool":{"name":"shore","version":"0.1.0"}}},"diagnostics":[]}
