{"schema":"shore.review-input-request-list","version":1,"reviewUnitId":"review-unit:sha256:<h>","filters":{"status":"all","includeBody":true},"inputRequests":[{"id":"input-request:sha256:<h>","eventId":"evt:sha256:<h>","trackId":"agent:codex","target":{"kind":"review_unit","reviewUnitId":"review-unit:sha256:<h>"},"mode":"operative","reasonCode":"manual_decision_required","title":"Need a decision","body":"should we ship this?","bodyContentHash":"sha256:<h>","status":"responded","responses":[{"id":"input-request-response:sha256:<h>","eventId":"evt:sha256:<h>","outcome":"approved","reason":"looks good","reasonContentHash":"sha256:<h>","createdAt":"unix-ms:<t>","writer":{"actorId":"actor:git-email:shore-tests@example.com","producer":{"name":"shore","version":"0.1.0"}}}],"createdAt":"unix-ms:<t>","writer":{"actorId":"actor:git-email:shore-tests@example.com","producer":{"name":"shore","version":"0.1.0"}}}],"diagnostics":[]}
