{"schema":"shore.review-observation-list","version":1,"reviewUnitId":"review-unit:sha256:<h>","filters":{"includeBody":true},"observations":[{"id":"obs:sha256:<h>","eventId":"evt:sha256:<h>","trackId":"agent:codex","target":{"kind":"review_unit","reviewUnitId":"review-unit:sha256:<h>"},"title":"Observed change","body":"the return value changed","tags":[],"status":"active","supersedes":[],"bodyContentHash":"sha256:<h>","createdAt":"unix-ms:<t>","writer":{"actorId":"actor:git-email:shore-tests@example.com","producer":{"name":"shore","version":"0.1.0"}}}],"diagnostics":[]}
