{"schema":"pointbreak.review-summary-check","version":1,"receipt":{"algorithm":"shore.event-set.canonical-map.v1","digest":"sha256:<h>","count":3},"digestMatchesEntries":true,"matched":2,"changed":0,"missing":1,"differing":[{"eventId":"evt:sha256:<h>","outcome":"missing","recordedPayloadHash":"sha256:<h>","recordedEventRecordHash":"sha256:<h>"}],"completeness":"notProven","diagnostics":[]}
