{"schema":"pointbreak.review-revision-list","version":1,"eventSetHash":"sha256:<h>","eventCount":7,"revisionCount":1,"entries":[{"capturedAt":"unix-ms:<t>","revisionId":"rev:sha256:<h>","objectId":"obj:sha256:<h>","source":{"kind":"git_worktree","mode":"combined_head_to_working_tree","includeUntracked":false},"base":{"kind":"git_commit","commitOid":"<oid>","treeOid":"<oid>"},"target":{"kind":"git_working_tree","worktreeRoot":"<repo>"},"objectArtifactContentHash":"sha256:<h>","commitRange":{"revisionId":"rev:sha256:<h>","anchored":false,"currentCommits":[],"currentRefs":[],"withdrawnCommits":[],"withdrawnRefs":[],"diagnostics":[]},"mergeStatus":"unknown","groupedRevisionIds":["rev:sha256:<h>"]}],"diagnostics":[]}
