{"schema":"shore.review-unit-list","version":1,"eventSetHash":"sha256:<h>","eventCount":6,"reviewUnitCount":1,"entries":[{"reviewUnitId":"review-unit:sha256:<h>","sessionId":"session:default","capturedAt":"unix-ms:<t>","revisionId":"rev:git:sha256:<h>","snapshotId":"snap:git:sha256:<h>","source":{"kind":"git_worktree","mode":"combined_head_to_working_tree","includeUntracked":true},"base":{"kind":"git_commit","commitOid":"<oid>","treeOid":"<oid>"},"target":{"kind":"git_working_tree","worktreeRoot":"<repo>"},"snapshotArtifactContentHash":"sha256:<h>","commitRange":{"reviewUnitId":"review-unit:sha256:<h>","anchored":false,"currentCommits":[],"currentRefs":[{"refAssociationId":"assoc-ref:sha256:<h>","refName":"refs/heads/main","headOid":"<oid>"}],"withdrawnCommits":[],"withdrawnRefs":[],"diagnostics":[]},"mergeStatus":"unknown","groupedReviewUnitIds":["review-unit:sha256:<h>"]}],"diagnostics":[]}
