{"schema":"shore.review-validation-list","version":1,"reviewUnitId":"review-unit:sha256:<h>","filters":{"includeBody":true},"validationChecks":[{"id":"validation:sha256:<h>","eventId":"evt:sha256:<h>","trackId":"agent:codex","target":{"kind":"review_unit","reviewUnitId":"review-unit:sha256:<h>"},"checkName":"cargo test","command":"cargo test --all","status":"passed","exitCode":0,"trigger":"manual","sourceFingerprint":"rev:sha256:<h>","summary":"all tests passed","summaryContentHash":"sha256:<h>","startedAt":"2026-05-10T00:00:00Z","completedAt":"2026-05-10T00:01:00Z","logArtifactContentHashes":["sha256:<h>"],"createdAt":"unix-ms:<t>","writer":{"actorId":"actor:git-email:shore-tests@example.com","tool":{"name":"shore","version":"0.1.0"}}}],"diagnostics":[]}
